// Jest Snapshot v1, https://goo.gl/fbAQLP

exports[`Header gets rendered 1`] = `
<div
  className="header"
>
  <nav
    className="navbar navbar-inverse"
  >
    <div
      className="container"
    >
      <div
        className="navbar-header"
      >
        <a
          className="navbar-brand"
          href="/"
        >
          CornucopiaTrader
        </a>
        <button
          className="navbar-toggle collapsed"
          onClick={[Function]}
          type="button"
        >
          <span
            className="sr-only"
          >
            Toggle navigation
          </span>
          <span
            className="icon-bar"
          />
          <span
            className="icon-bar"
          />
          <span
            className="icon-bar"
          />
        </button>
      </div>
      <div
        aria-expanded={null}
        className="navbar-collapse collapse"
      >
        <ul
          className="nav navbar-nav"
          role={null}
        >
          <li
            className=""
            role="presentation"
            style={undefined}
          >
            <a
              href="/simulate"
              onClick={[Function]}
              onKeyDown={[Function]}
            >
              Trading Strategy Simulator
            </a>
          </li>
          <li
            className=""
            role="presentation"
            style={undefined}
          >
            <a
              href="/robotconfig"
              onClick={[Function]}
              onKeyDown={[Function]}
            >
              Robot Settings
            </a>
          </li>
        </ul>
      </div>
    </div>
  </nav>
</div>
`;
